
[2m> [22m[2mnx run[22m shell:build:production

node.exe : - Generating browser application bundles (phase: 
setup)...
At C:\Users\notpi\AppData\Roaming\npm\nx.ps1:24 char:5
+     & "node$exe"  "$basedir/node_modules/nx/bin/nx.js" $args
+     ~~~~~~~~~~~~~~~~~~~~~~~~~~~~~~~~~~~~~~~~~~~~~~~~~~~~~~~~
    + CategoryInfo          : NotSpecified: (- Generating br.. 
   .hase: setup)...:String) [], RemoteException
    + FullyQualifiedErrorId : NativeCommandError
 
[1m[33m    TypeScript compiler options "target" and 
"useDefineForClassFields" are set to "ES2022" and "false" 
respectively by the Angular CLI. To control ECMA version and 
features use the Browserslist configuration. For more 
information, see https://angular.dev/tools/cli/build#configurin
g-browser-compatibility
    NOTE: You can set the "target" to "ES2022" in the 
project's tsconfig to remove this warning.[39m[22m
[1m[33mCould not find a version for "@angular/animations" in 
the root "package.json" when collecting shared packages for 
the Module Federation setup. The package will not be 
shared.[39m[22m
(node:20472) [DEP0180] DeprecationWarning: fs.Stats 
constructor is deprecated.
(Use `node --trace-deprecation ...` to show where the warning 
was created)
[32mΓ£ö[39m Browser application bundle generation complete.
[32mΓ£ö[39m Browser application bundle generation complete.
[1m[31m
[0m[36m./node_modules/@angular/material/fesm2022/_animation-c
hunk.mjs[31m[0m:[0m[93m1:0-51[31m[0m - [0m[91mError: 
[31m[0mModule not found: Error: Can't resolve 
'@angular/cdk/layout' in 'C:\Users\notpi\repos\multi-framework\
philipantindotcom\node_modules\@angular\material\fesm2022'
[0m[36m./node_modules/@angular/material/fesm2022/_icon-button
-chunk.mjs[31m[0m:[0m[93m3:0-49[31m[0m - [0m[91mError: 
[31m[0mModule not found: Error: Can't resolve 
'@angular/cdk/a11y' in 'C:\Users\notpi\repos\multi-framework\ph
ilipantindotcom\node_modules\@angular\material\fesm2022'
[0m[36m./node_modules/@angular/material/fesm2022/_icon-button
-chunk.mjs[31m[0m:[0m[93m4:0-62[31m[0m - [0m[91mError: 
[31m[0mModule not found: Error: Can't resolve 
'@angular/cdk/private' in 'C:\Users\notpi\repos\multi-framework
\philipantindotcom\node_modules\@angular\material\fesm2022'
[0m[36m./node_modules/@angular/material/fesm2022/_icon-regist
ry-chunk.mjs[31m[0m:[0m[93m1:0-61[31m[0m - 
[0m[91mError: [31m[0mModule not found: Error: Can't 
resolve '@angular/cdk/private' in 'C:\Users\notpi\repos\multi-f
ramework\philipantindotcom\node_modules\@angular\material\fesm2
022'
[0m[36m./node_modules/@angular/material/fesm2022/_pseudo-chec
kbox-module-chunk.mjs[31m[0m:[0m[93m1:0-47[31m[0m - 
[0m[91mError: [31m[0mModule not found: Error: Can't 
resolve '@angular/cdk/bidi' in 'C:\Users\notpi\repos\multi-fram
ework\philipantindotcom\node_modules\@angular\material\fesm2022
'
[0m[36m./node_modules/@angular/material/fesm2022/_ripple-chun
k.mjs[31m[0m:[0m[93m1:0-99[31m[0m - [0m[91mError: 
[31m[0mModule not found: Error: Can't resolve 
'@angular/cdk/platform' in 'C:\Users\notpi\repos\multi-framewor
k\philipantindotcom\node_modules\@angular\material\fesm2022'
[0m[36m./node_modules/@angular/material/fesm2022/_ripple-chun
k.mjs[31m[0m:[0m[93m4:0-102[31m[0m - [0m[91mError: 
[31m[0mModule not found: Error: Can't resolve 
'@angular/cdk/a11y' in 'C:\Users\notpi\re[39m[22m[1m[31mpos
\multi-framework\philipantindotcom\node_modules\@angular\materi
al\fesm2022'
[0m[36m./node_modules/@angular/material/fesm2022/_ripple-chun
k.mjs[31m[0m:[0m[93m5:0-54[31m[0m - [0m[91mError: 
[31m[0mModule not found: Error: Can't resolve 
'@angular/cdk/coercion' in 'C:\Users\notpi\repos\multi-framewor
k\philipantindotcom\node_modules\@angular\material\fesm2022'
[0m[36m./node_modules/@angular/material/fesm2022/_ripple-chun
k.mjs[31m[0m:[0m[93m6:0-62[31m[0m - [0m[91mError: 
[31m[0mModule not found: Error: Can't resolve 
'@angular/cdk/private' in 'C:\Users\notpi\repos\multi-framework
\philipantindotcom\node_modules\@angular\material\fesm2022'
[0m[36m./node_modules/@angular/material/fesm2022/_ripple-load
er-chunk.mjs[31m[0m:[0m[93m3:0-66[31m[0m - 
[0m[91mError: [31m[0mModule not found: Error: Can't 
resolve '@angular/cdk/platform' in 'C:\Users\notpi\repos\multi-
framework\philipantindotcom\node_modules\@angular\material\fesm
2022'
[0m[36m./node_modules/@angular/material/fesm2022/_ripple-modu
le-chunk.mjs[31m[0m:[0m[93m1:0-47[31m[0m - 
[0m[91mError: [31m[0mModule not found: Error: Can't 
resolve '@angular/cdk/bidi' in 'C:\Users\notpi\repos\multi-fram
ework\philipantindotcom\node_modules\@angular\material\fesm2022
'
[0m[36m./node_modules/@angular/material/fesm2022/button.mjs[
31m[0m:[0m[93m11:0-47[31m[0m - [0m[91mError: 
[31m[0mModule not found: Error: Can't resolve 
'@angular/cdk/bidi' in 'C:\Users\notpi\repos\multi-framework\ph
ilipantindotcom\node_modules\@angular\material\fesm2022'
[0m[36m./node_modules/@angular/material/fesm2022/button.mjs[
31m[0m:[0m[93m13:0-27[31m[0m - [0m[91mError: 
[31m[0mModule not found: Error: Can't resolve 
'@angular/cdk/a11y' in 'C:\Users\notpi\repos\multi-framework\ph
ilipantindotcom\node_modules\@angular\material\fesm2022'
[0m[36m./node_modules/@angular/material/fesm2022/button.mjs[
31m[0m:[0m[93m14:0-30[31m[0m - [0m[91mError: 
[31m[0mModule not found: Error: Can't resolve '@an[39m[22m
[1m[31mgular/cdk/private' in 'C:\Users\notpi\repos\multi-fram
ework\philipantindotcom\node_modules\@angular\material\fesm2022
'
[0m[36m./node_modules/@angular/material/fesm2022/button.mjs[
31m[0m:[0m[93m16:0-31[31m[0m - [0m[91mError: 
[31m[0mModule not found: Error: Can't resolve 
'@angular/cdk/platform' in 'C:\Users\notpi\repos\multi-framewor
k\philipantindotcom\node_modules\@angular\material\fesm2022'
[0m[36m./node_modules/@angular/material/fesm2022/button.mjs[
31m[0m:[0m[93m18:0-29[31m[0m - [0m[91mError: 
[31m[0mModule not found: Error: Can't resolve 
'@angular/cdk/layout' in 'C:\Users\notpi\repos\multi-framework\
philipantindotcom\node_modules\@angular\material\fesm2022'
[0m[36m./node_modules/@angular/material/fesm2022/button.mjs[
31m[0m:[0m[93m20:0-31[31m[0m - [0m[91mError: 
[31m[0mModule not found: Error: Can't resolve 
'@angular/cdk/coercion' in 'C:\Users\notpi\repos\multi-framewor
k\philipantindotcom\node_modules\@angular\material\fesm2022'
[0m[36m./node_modules/@angular/material/fesm2022/divider.mjs
[31m[0m:[0m[93m3:0-62[31m[0m - [0m[91mError: 
[31m[0mModule not found: Error: Can't resolve 
'@angular/cdk/coercion' in 'C:\Users\notpi\repos\multi-framewor
k\philipantindotcom\node_modules\@angular\material\fesm2022'
[0m[36m./node_modules/@angular/material/fesm2022/divider.mjs
[31m[0m:[0m[93m4:0-47[31m[0m - [0m[91mError: 
[31m[0mModule not found: Error: Can't resolve 
'@angular/cdk/bidi' in 'C:\Users\notpi\repos\multi-framework\ph
ilipantindotcom\node_modules\@angular\material\fesm2022'
[0m[36m./node_modules/@angular/material/fesm2022/icon.mjs[31
m[0m:[0m[93m8:0-47[31m[0m - [0m[91mError: 
[31m[0mModule not found: Error: Can't resolve 
'@angular/cdk/bidi' in 'C:\Users\notpi\repos\multi-framework\ph
ilipantindotcom\node_modules\@angular\material\fesm2022'
[0m[36m./node_modules/@angular/material/fesm2022/icon.mjs[31
m[0m:[0m[93m9:0-30[31m[0m - [0m[91mError: 
[31m[0mModule not found: Error: Can't resolve 
'@ang[39m[22m[1m[31mular/cdk/private' in 'C:\Users\notpi\re
pos\multi-framework\philipantindotcom\node_modules\@angular\mat
erial\fesm2022'
[0m[36m./node_modules/@angular/material/fesm2022/list.mjs[31
m[0m:[0m[93m3:0-84[31m[0m - [0m[91mError: 
[31m[0mModule not found: Error: Can't resolve 
'@angular/cdk/coercion' in 'C:\Users\notpi\repos\multi-framewor
k\philipantindotcom\node_modules\@angular\material\fesm2022'
[0m[36m./node_modules/@angular/material/fesm2022/list.mjs[31
m[0m:[0m[93m4:0-84[31m[0m - [0m[91mError: 
[31m[0mModule not found: Error: Can't resolve 
'@angular/cdk/platform' in 'C:\Users\notpi\repos\multi-framewor
k\philipantindotcom\node_modules\@angular\material\fesm2022'
[0m[36m./node_modules/@angular/material/fesm2022/list.mjs[31
m[0m:[0m[93m5:0-62[31m[0m - [0m[91mError: 
[31m[0mModule not found: Error: Can't resolve 
'@angular/cdk/private' in 'C:\Users\notpi\repos\multi-framework
\philipantindotcom\node_modules\@angular\material\fesm2022'
[0m[36m./node_modules/@angular/material/fesm2022/list.mjs[31
m[0m:[0m[93m10:0-76[31m[0m - [0m[91mError: 
[31m[0mModule not found: Error: Can't resolve 
'@angular/cdk/observers' in 'C:\Users\notpi\repos\multi-framewo
rk\philipantindotcom\node_modules\@angular\material\fesm2022'
[0m[36m./node_modules/@angular/material/fesm2022/list.mjs[31
m[0m:[0m[93m11:0-52[31m[0m - [0m[91mError: 
[31m[0mModule not found: Error: Can't resolve 
'@angular/cdk/a11y' in 'C:\Users\notpi\repos\multi-framework\ph
ilipantindotcom\node_modules\@angular\material\fesm2022'
[0m[36m./node_modules/@angular/material/fesm2022/list.mjs[31
m[0m:[0m[93m12:0-58[31m[0m - [0m[91mError: 
[31m[0mModule not found: Error: Can't resolve 
'@angular/cdk/collections' in 'C:\Users\notpi\repos\multi-frame
work\philipantindotcom\node_modules\@angular\material\fesm2022'
[0m[36m./node_modules/@angular/material/fesm2022/list.mjs[31
m[0m:[0m[93m13:0-72[31m[0m - [0m[91mError: 
[31m[0mModule not found: Error: Can't resolve 
'@angula[39m[22m[1m[31mr/cdk/keycodes' in 'C:\Users\notpi\r
epos\multi-framework\philipantindotcom\node_modules\@angular\ma
terial\fesm2022'
[0m[36m./node_modules/@angular/material/fesm2022/list.mjs[31
m[0m:[0m[93m145:0-47[31m[0m - [0m[91mError: 
[31m[0mModule not found: Error: Can't resolve 
'@angular/cdk/bidi' in 'C:\Users\notpi\repos\multi-framework\ph
ilipantindotcom\node_modules\@angular\material\fesm2022'
[0m[36m./node_modules/@angular/material/fesm2022/list.mjs[31
m[0m:[0m[93m148:0-29[31m[0m - [0m[91mError: 
[31m[0mModule not found: Error: Can't resolve 
'@angular/cdk/layout' in 'C:\Users\notpi\repos\multi-framework\
philipantindotcom\node_modules\@angular\material\fesm2022'
[0m[36m./node_modules/@angular/material/fesm2022/sidenav.mjs
[31m[0m:[0m[93m1:0-89[31m[0m - [0m[91mError: 
[31m[0mModule not found: Error: Can't resolve 
'@angular/cdk/a11y' in 'C:\Users\notpi\repos\multi-framework\ph
ilipantindotcom\node_modules\@angular\material\fesm2022'
[0m[36m./node_modules/@angular/material/fesm2022/sidenav.mjs
[31m[0m:[0m[93m2:0-63[31m[0m - [0m[91mError: 
[31m[0mModule not found: Error: Can't resolve 
'@angular/cdk/bidi' in 'C:\Users\notpi\repos\multi-framework\ph
ilipantindotcom\node_modules\@angular\material\fesm2022'
[0m[36m./node_modules/@angular/material/fesm2022/sidenav.mjs
[31m[0m:[0m[93m3:0-84[31m[0m - [0m[91mError: 
[31m[0mModule not found: Error: Can't resolve 
'@angular/cdk/coercion' in 'C:\Users\notpi\repos\multi-framewor
k\philipantindotcom\node_modules\@angular\material\fesm2022'
[0m[36m./node_modules/@angular/material/fesm2022/sidenav.mjs
[31m[0m:[0m[93m4:0-63[31m[0m - [0m[91mError: 
[31m[0mModule not found: Error: Can't resolve 
'@angular/cdk/keycodes' in 'C:\Users\notpi\repos\multi-framewor
k\philipantindotcom\node_modules\@angular\material\fesm2022'
[0m[36m./node_modules/@angular/material/fesm2022/sidenav.mjs
[31m[0m:[0m[93m5:0-49[31m[0m - [0m[91mError: 
[31m[0mModule not found: Error: Can't resolve 
'@angula[39m[22m[1m[31mr/cdk/platform' in 'C:\Users\notpi\r
epos\multi-framework\philipantindotcom\node_modules\@angular\ma
terial\fesm2022'
[0m[36m./node_modules/@angular/material/fesm2022/sidenav.mjs
[31m[0m:[0m[93m6:0-109[31m[0m - [0m[91mError: 
[31m[0mModule not found: Error: Can't resolve 
'@angular/cdk/scrolling' in 'C:\Users\notpi\repos\multi-framewo
rk\philipantindotcom\node_modules\@angular\material\fesm2022'
[0m[36m./node_modules/@angular/material/fesm2022/sidenav.mjs
[31m[0m:[0m[93m12:0-29[31m[0m - [0m[91mError: 
[31m[0mModule not found: Error: Can't resolve 
'@angular/cdk/layout' in 'C:\Users\notpi\repos\multi-framework\
philipantindotcom\node_modules\@angular\material\fesm2022'
[0m[36m./node_modules/@angular/material/fesm2022/toolbar.mjs
[31m[0m:[0m[93m1:0-49[31m[0m - [0m[91mError: 
[31m[0mModule not found: Error: Can't resolve 
'@angular/cdk/platform' in 'C:\Users\notpi\repos\multi-framewor
k\philipantindotcom\node_modules\@angular\material\fesm2022'
[0m[36m./node_modules/@angular/material/fesm2022/toolbar.mjs
[31m[0m:[0m[93m4:0-47[31m[0m - [0m[91mError: 
[31m[0mModule not found: Error: Can't resolve 
'@angular/cdk/bidi' in 'C:\Users\notpi\repos\multi-framework\ph
ilipantindotcom\node_modules\@angular\material\fesm2022'
[39m[22m

[2m[31m[39m[22m

[7m[1m[31m NX [39m[22m[27m  [31mRunning target [1mbuild[22m for project shell failed[39m

[2mFailed tasks:[22m

[2m-[22m shell:build:production

[2mHint: run the command with[22m --verbose [2mfor more details.[22m

